[40m[2J[2C[0;34mзддддддддддддддддддддддддддддддддд©  дддддддддддддддддддддддддддддддддддд[3H   [2;3HЁ[37mЗ   [1;30mЗ [0;31m.   .  [1;30mЗ[0;31m.   [1;30m.[5CЗ[5;31m.[5C[0;1;30mЗ [0;34mЁ   [1;37mEager for some needed diversion,[4H   [A
[3;3H[0;34mЁ [31m.[1;30mЗ  З[0;34mЁ [1;30mЗ [0;30;44m╡[3C[34;40mЁ  [37mЗ    [1;30mЗ  Ё   [0mЗ   [34mЁ   [1;37myou enter [35mCinePlex Videon[37m, the[5H   [4;3H[0;34mЁ Ё [37mЗ  [34m╟[1;30mЗ  [0;30;44m╡[1;37;40m [0mЗ [A
[17C[30;44m╡[5C[37;40mЗ  [1;31mЗ[0mэ[1;30mшэ[31mЗ  [30mЗ  [0;34mЁ   [1;37mStarPort's new Holo-Theatre. While[6H   [5;3H[0;34mЁ[1;30mЗ[0;34m╟ [1;44mь[0;34m╠ ╟ [31m.[34m╟[30;44m╡[3C╡[34;40mЁ[1;30mЗ  [0mзээ[1;34;47mъъъ[40m[A
[28C[30;44mээээ[40mээ© [0;34mЁ   [1;37mtrying to decide which Holo to[7H   [6;3H[0;34mЁ ╟ [1;44mь[0;34m╠Ё╟ ╠╟[30;44m╡[34;40mЁ[1;30mЗ[0;34m╠[30;44m╡[34;40m╟╟ [1;30mЗ    [0mъъ[1;30;47mч[40mъъ З  [0;30;44m╡[34;40mЁ   [1;37mwatch, yo[A
[49Cu are rudely interrupted[8H   [7;3H[0;34mЁ╟╟[1;33m.[0;34mь╠[30;44m╡[34;40m╟[1;33m.[0;34m╠╟[30;44m╡[34;40m╟[1;33m.[0;34m╠[30;44m╡[34;40m╟╟[1;33m.[0;34m╟[30;44m╡[1;37;40m [0mЗ [1;30mЁ [47mч[37;40m [30mЁ  [0;34m╟[30;44m[40m[A
[34C[44m╡╡[34;40mЁ   [1;37mby the [36mAttenDroid[37m:[9H   [8;3H[0;34mЁ╟╟[1;30;47mч[0;34mь╠[30;44m╡[34;40m╟[1;30;47mч[0;34m╠╟[30;44m╡[34;40m╟[1;30;47mч[0;34m╠[30;44m╡[34;40m╟╟[1;30;47mч[0;34m╟[30;44m╡╡╡[34;40m╟[1;30;47mч[40m[A
[27C[47m[0mэ[1;30;47mч[40mэ[47mч[0;34m╟╟╟[30;44m╡╡[34;40mЁ[10H   [9;3HЁ[1;44mдддддддддддддддддддддддддбддддддд[0;34mЁ   [1;36m"C'mon pal, either buy a ticket or[11H   [10;3H[0;34mЁ╟╟╟╟╟╟╟╟╟╟╟╟╟╟╟╟╟╟╟[1;44mщ     Ё     [0;30;44mч[40m[A
[35C[34;40m╟Ё    [1;36mdematerialize!" [33mSelect(1-5,Q):[12H   [11;3H[0;34mюддддддддддддддддддддддддддддддддды  дддддддддддддддддддддддддддддддддддд[13H   [12;3Hзддддддддддддддддддддддддддддддддддддддддддддддддддддддддддддддддддддддд©[14H   [A
[13;3HЁ[44m  [1mзддддддддддддддддддддддддддд©  [40mш╡╠╟[0;34m╠╟ееееееееееееееееееееееееееш╡╠╟╟╟Ё[15H   [14;3HЁ[44m  [1mЁ[37;40m [5mЧ[0;1mЧ[5mЧ[0;1mЧ[5mЧ[0;1mЧ[5mЧ[0;1;31mNow Showing[5;37mЧ[0;1mЧ[5mЧ[0;1mЧ[5mЧ[0;1mЧ[5mЧ [A
[33C[0;1;34;44mЁ  [40mш╡╠╟[0;34m╠╟ее[1mеееее[37m\[36;46mшщ \  /   [0m/[34mее[1mеееееш╡╠╟[0;34m╠╟Ё[16H   [15;3HЁ[44m  [1mЁ[37;40m [31mддддддддддддддддддддддддд [34;44mЁ  [40mш╡╠╟[0;34m╠╟ее[1mеееее[31mч[36;46mшЁ[37;40m [31mЧ  Ч [A
[58C[36;46mЁ [0;31mщ[34mее[1mеееееш╡╠╟[0;34m╠╟Ё[17H   [16;3HЁ[44m  [1mЁ[2C[33;40m1) [37mVulcan Thunder[8C[34;44mЁ  [40mш╡╠╟[0;34m╠╟ее[1mееееее[36;46mшюдддддды [0;34mеее[1mеееееш╡╠╟[0;34m╠╟Ё[18H   [17;3HЁ[44m  [1mЁ[2C[40m[A
[8C[33;40m2) [37mFerrengi Nights[7C[34;44mЁ  [40mш╡╠╟[0;34m╠╟ее[1mеееееее[36;46mщз[0mП[1mППП[36;46m© [0;34mеее[1mееееееш╡╠╟[0;34m╠╟Ё[19H   [18;3HЁ[44m  [1mЁ[2C[33;40m3) [37mStar Trek XXXVII[6C[34;44mЁ  [40mш╡╠╟[0;34m╠╟ее[1mее[A
[46Cееееее[36;46mщ дд  [0;34mеее[1mеееееееш╡╠╟[0;34m╠╟Ё[20H   [19;3HЁ[44m  [1mЁ[2C[33;40m4) [37mLil' Neutron[10C[34;44mЁ  [40mш╡╠╟[0;34m╠╟ее[1mееееееееее[0;30;46m╟[36;40m╟[34mеее[1mеееееееееш╡╠╟[0;34m╠╟Ё[21H   [20;3HЁ[44m [40m[A
[4C[44m [1mЁ[2C[33;40m5) [37mDebbie Does Rigel[5C[34;44mЁ  [40mш╡╠╟[0;34m╠╟ее[1mеее[36;46mшщ  [37m*tickets*   [0;34mеее[1mееш╡╠╟[0;34m╠╟Ё[22H   [21;3HЁ[44m  [1mюддддддддддддддддддддддддддды  [40mш╡╠╟[0;34m╠╟ее[1mееее[36;46m[40m[A
[48C[46mшддд[37;40m [5;35mЧ[33mЧ[31mЧ[32mЧ [0;1;36;46mддд [0;34mеее[1mеееш╡╠╟[0;34m╠╟Ё[23H   [22;3Hюддддддддддддддддддддддддддддддддддддддддддддддддддддддддддддддддддддддды[10;72H[C[1D[18;24H[1;37mV   [0m