[40m[2J[41C[0;1;32mAs[2Cyou[2Cgive[Cthe[Corder,[Cthe[Cweapons
[2;42Hofficer[Cengages[Ca[Ccode[Csequence[Cthat[3;42Harms[2Cthe[2Cm[s
[uost[2Cpotent[2Cweapon[2Cthe[4;42HFederation[2Chas[Cever[2Cdevelope[s
[ud,[Cthe[5;42Hpowerful[CNuerevy[2CAtomic[2CDetonator.[6;42HEach[2Cc[s
[uorbomite-encased[2Canti-matter[7;42Hwarhead[3Cis[3Cpowerful[3Cenough[s
[u[2Cto[8;42Hshatter[2Ca[2Ccontinent.[2CWhen[Cseveral[9;42Hof[3Cthe[s
[use[3Cdisaster[2Cmachines[2Care[10;42Hexploded[2Csimultaneously[2Cal[s
[uong[2Cthe[11;42Hfault[Clines[Cof[Ca[Cplanetary[Cbody,[Cthe[12Hre[s
[usulting[2Cforce[Cis[2Csufficient[2Cto[Creduce[Cit[Cto[Cthe[2Cint[s
[uerstellar[2Cdust[Cfrom[13Hwhence[Cit[Ccame.[CA[Cflight[Cof[Cyour[s
[u[CK3-A[Cfighters[Ctakes[Cthe[Cplanet-busting[Cbombs[14Hto[Cthe[C[s
[usites[Cselected[Cby[Cthe[Ccomputer[Cas[Cbeing[Cthe[Cmost[Cdevast[s
[uating.[CYou[Cthen[15Hblast[Coff[Cfrom[Cthe[Cplanet[Cas[Cquickly[s
[u[Cas[Cpossible.[3CA[Csingle[Claser[Cblast[Cfrom[16Hyour[Cfleet[s
[u[Ctriggers[Cthe[Cmassive[Creaction[Cthat[Cis[Ctruly[Castounding.[s
[u[3CLuckily,[17Hyour[Ccrew[Chas[Cenough[Ctime[Cto[Cmove[Cthe[2Cc[s
[uommand[Cship[Cout[Cof[Cthe[Cblast[Crange[Cso[18Hthat[Cyou[Ccan[s
[u[Cwatch[Cthe[Cdestruction[Cand[Cenjoy[Cit[Cas[Cwell![3CUnfortuna[s
[utely[Csome[19Hof[Cyour[Cfighters[Cdid[Cnot[Creturn[Cfrom[Cthe[C[s
[uawesome[Cimplosion.[;4H[0;34mÚÄÄÄÄÄÄÄÄÄÄÄÄÄÄÄÄÄÄÄÄÄÄÄÄÄÄÄÄÄÄÄÄÄ¿[2;4H[s
[u³[3C[1;30mú[3C[0mú[7C.[5C[1mú[4C[30mú[6C[0;34m³[3;4H³[C[s
[u[1;37mú[9C[30mú[C[0;34mÜÜÜÜÜ[12C[1;30mú[2C[0;34m³[4;4H³[9C[s
[u[1;30mú[C[0;34mÜ[1;44m ş ßÜÜß[0;34mÜ[6C[1;30mú[6C[0;34m³[5;4H³[s
[u[4C[1;30mú[5C[34;44m Üİ       ß[30;40mú[6C[37mú[4C[0;34m³[6;4H³[s
[u[5C[37mú[3C[34mŞ[1;44mßÛÜ    şßÛ [0;34mİ[9C[1;30mú[C[0;34m³
[7;4H³[1;30mú[7Cú[C[34;44m  ßÛßş   Ü[40mÛ[3C[0mú[8C[34m³[8;4H³[s
[u[3C[1;30mú[7C[0;34mß[1;44m  Ü ş Û[40mß[7C[30mú[5C[0;34m³[9;4H³[s
[u[4C[37mú[7C[1;30m.[0;34mßßßßß[4C[1;30mú[5Cú[4C[0;34m³[10;4H³[s
[u[C[1;30mú[6C[37mú[6C[30mú[7C[0mú[6C[1mú[C[30m.[0;34m³[11;4H[s
[uÀÄÄÄÄÄÄÄÄÄÄÄÄÄÄÄÄÄÄÄÄÄÄÄÄÄÄÄÄÄÄÄÄÄÙ[10;9H[1;31m/[1D/[21C\[1D\[9;11H[s
[u/[1D/[17C\[1D\[8;13H/[1D/[1D/[13C\[1D\[1D\[7;15H[44m/[1D[40m[s
[u[44m/[1D/[9C\[1D\[1D\[10;9H[40m [21C [6;17H[44m/[1D/[1D/[40m[s
[u[44m[5C\[1D\[1D\[9;11H[40m [17C [6;18HÛ[3CÛ[8;13H [13C [6;21H[s
[uÛ[7;15H[44m [5;19HÜ[7;25H [6;23HÛ[7;17HÛ[6;17HÛ[1AÛ[1AÛ[1A[40m[s
[u[44mÛ[6;19HÛ[7;19HÛ[2DÛ[BÛ[BÛ[8;20HÛ[7;20HÛ[6;20HÛ[BÛ[1AÛ[40m[s
[u[44mÛÛ[5;20HÛ[4;19HÛÛÛÛÛ[5;22HÛ[6;16HÛ[7;15HÛ[2AÛ[1AÛ[1AÛ[40m
[44m[8;17HÛ[4CÛ[7;24HÛ[2AÛ[2DÛ[4;24HÛ[3;23HÛ[8DÛ[2;15H[40mÜ
[8;13Hß[6;15Hß[5;15HÜ[9;18HÜ[8;18H [2Aß[5;21HÜ[C [1AÜß[3BÜ[6;26H [s
[uß[5;23H[33mÛ[3DÛ[6;19HÛ[BÛ[BÛ[1AÛ[6;22HÛ[5;18HÛ[4;20HÛ[6;25H[s
[u[31m [C [2Cß[7;26H [9;29HÜ[12D [10;15HÜ[8;13H [4Dß[2;15H [B 
[6;18H [8;16H [6;14H [2Dß[3C[33mÛ[BÛ[2B[31m  [3A [2A [1A [4Dß[s
[u[3D  [2;18Hß[6;30H [4Cß[9;29H [10;32HÜ[18D [8;10H [6DÜ[6;13H 
[4;8HÜ[2;18H [3;20H   [2;22HÜ[4;21H [5;20H [B [8;23H [7;25H [3;27H[s
[uÜ[2;30HÜ[6;35H [10;32H [8;5H [4;8H [5;13Hß[C [7;15H [8;13HÜ
[7;16H [B [9;17Hß[3C [8;20H [6;23H [B [8;24H [10;26HÜ[8;22H 
[9;22H [10;22HÜ[8;20H[30mú[9;17H[31m [8;13H [9;6HÜ[6;19HÛ[5;18HÛ[s
[u[6D [3;9Hß[6;23HÛ[2;22H [7C [4Cß[4;25H [3;27H [3Cß[10;26H [5D 
[9;6H [3;9H [2;5Hß[1D [5;17HÛ[6;17HÛ[BÛ[6;18HÛ[7;20HÛ[8;19Hß[Cß
[7;23HÛ[5;20HÛ[BÛ[2AÛ[2DÛ[3;31H [2;35H [6;18H[33mÛ[BÛ[1AÛ[5;17HÛ[s
[u[3DÛ[6;15HÛ[BÛÛ[4;22HÛÛ[BÛ[6;24HÛ[7;23HÛ[4DÛ[4;17HÛÛ[4DÜ[3;19H[s
[uÜ[8;21H[0;31m [7;21HÛ[8;19H [7;18HÛ[2AÛÛ[4CÛ[4;24HÜ[6;23H[1;33m[s
[uÛ[7;23Hß[2Dß[2Dß[2Dß[3;19H [4;17HÜ[3D  [7;16Hß[6;15H [5;15HŞ[s
[u[9Cİ[4;24HÜ[2DÜ [7;23H [5D [3D [2D [6;16H [7;18Hß[5;15H  [Bß[s
[u[6Cß[1A [2DÜ[4;18H [2D [5;17HÜ[2B [3C [6;24H [2Dß[4;23H [2DÜ[s
[u[4DÜ[6;17H ß[7;20H [4;20HÜÜ[5;24H [8D [7;21H [1Aß [5;23Hß[4;19H[s
[u [1D[30mú[7;23Hú[4;20H[33m [5;23H [6;21Hß[3Dßß[5;18HÜÜ[4;21H  
[5;22H [6;22H [5D [5;18H[37mÜÛÛ[6;19Hßß[1AÛ[6;21Hß[5;18H Ü[6;21H 
[5;21HÜ[6;19H [1D[33mß[Cß[5;21HÛ[3DÛÛ[3DÜ[3CÜ[6;18HÜ[4;22HÜ[5DÜ[s
[u[CÜ[5;18H [6;21H [4D [1DÜ[4;20H [C [1DÜ[5D [1DÜ[CÜ[1D [5;18H[s
[uÜ[6;18H [CÜ[4;22H [1DÜ[5;22H [2D [1Dß[1A [5D [6;20H [5;18H[s
[u[31mÜ[2Cß[2DÛ[6;19Hß[5;19HÛ[C [6;18H[0;31mßß[1AÛ[3DÜÜ[6;18H 
[5;18H [CÜ[6;19H[1mß[5;19HÜÜ[6;19H[0;31mß[5;19HÜÜ[6;19H[1mß[5;19H[s
[uÜ [6;19H[0;31mß[5;19HÜ[6;19H [5;19H[1mÜ[1DÜ[1DÜ[1D[0;31mÜ[1DÜ[s
[u[1DÜ[1D[37mÜ[1DÜ[1DÜ[1D[33mÜ[1DÜ[1DÜ[1D[37mÜ[1DÜ[1DÜ[1D[s
[u[1;30mÜ[1DÜ[1DÜ[1DÜ[1D [20H[C[1D[0m
