[3C[0;34mÚÄÄÄÄÄÄÄÄÄÄÄÄÄÄÄÄÄÄÄÄÄÄÄÄÄÄÄÄÄÄÄÄÄ¿
   ³[1mÎÎÎÎÎÎÎ[37mF[0med[1mS[0mpace[34mÎ[1;37mP[0molice[34mÎ[1;37m
[A[27CHQ[0;34mÎ[1mÎÎÎÎÎÎÎ[0;34m³ ÄÄÄÄÄÄÄÄÄÄÄÄÄÄÄÄÄÄÄÄÄÄÄÄÄÄÄÄÄÄÄÄÄÄÄÄÄÄ
[A[77CÄ
   ³[1;44mßßßßßßßßßßßßßßßßßßßßßßßßßßßßßßßßß[0;34m³  [1;37mYou pass throug
[A[55Ch  the portal into the
   [0;34m³[44m [1mÄÄÄ ÄÄÄŞßßßßßßß[40mÛ[44mßßßßßßßİÄÄÄ ÄÄ Ä[0;34m³  
[A[40C[1;37mFederation Space Police Headquarters.
   [0;34m³[1;44mÄÄÄ[37mÜÜ[0;44mÜ [1;34mÄŞ[0;5;36;44mÛ[2C[34;40mú  
[A[19C[36;44mÛ[0;1;34mÛ[0;5;34;46mÛ[2C[40mú  [46mÛ[0;1;34;44mİ[40m
[A[29C[44mÄÄ Ä ÄÄÄ[0;34m³  [1;37mA flood  of  high intensity  Tau rays
   [0;34m³[1;44mÄ Ä[31mİ[41mİ[0;31;44mŞ[1;34mÄÄŞ[0;5;34;46mÛ[1C[40m
[A[15C[40mú ú [46mÛ[0;1;34mÛ[0;5;36;44mÛ[1C[34;40mú ú [36;44mÛ[40m
[A[28C[0;1;34;44mİÄ[0;31;47mş[1;5;32mş[0;1;31;47mş[30;44mİ[34mÄ[40m
[A[35C[44m Ä[0;34m³  [1;37mwashes over  you  as you  are scanned
   [0;34m³[44m [1mÄÄ[31mß[0;31;44mßß [1;34mÄŞ[0;5;36;44mÛ[2C[40m
[A[16C[34;40mú  [36;44mÛ[0;1;34mÛ[0;5;34;46mÛ[2C[40mú  [46mÛ[40m
[A[28C[0;1;34;44mİÄ[0;32;47mşş[31mş[1;30;44mİ[34mÄ Ä[0;34m³  [1;37m
[A[40Cfor weapons or  explosives.   You get
   [0;34m³[1;44mÄÄÄ  ÄÄÄŞ[0;5;34;46mÛ[1C[40mú ú [46mÛ[0;1;34mÛ
[A[21C[0;5;36;44mÛ[1C[34;40mú ú [36;44mÛ[0;1;34;44mİÄ  ÄÄÄÄÄ[40m
[A[37C[44m[0;34m³  [1;37mthe idea that you  had better behave!
   [0;34m³[1;44mÄÄÄÄÄ ÄÄŞ[0;34mÛ  [5mú  [0;34mÛ[1mÛ[0;34mÛ  [5mú  
[A[27C[0;34mÛ[1;44mİÄÄÄÄÄÄ  [0;34m³ ÄÄÄÄÄÄÄÄÄÄÄÄÄÄÄÄÄÄÄÄÄÄÄÄÄÄÄÄÄÄÄÄÄÄÄ
[A[74CÄÄÄÄ
   ³[47m       [1;30m/        ³        \       [0;34m³
   ÀÄÄÄÄÄÄÄÄÄÄÄÄÄÄÄÄÄÄÄÄÄÄÄÄÄÄÄÄÄÄÄÄÄÙ[0m

