[40m[2J[2C[0;1;30mฐฑฒÛÛฒฑฐ[6CฐฑฒÛฒฑฐ[6Cฐฑฒฑฐ[5Cฐฑฑฐ    ฐฑฐ[5Cฐฐ[6Cฐ
[2H ฐฑฒÛÛฒฑฐ[6CฐฑฒÛฒฑฐ[6Cฐฑฒฑฐ[5Cฐฑฑฐ    ฐฑฐ[5Cฐฐ[6Cฐ[3HฐฑฒÛÛฒฑฐ[6Cฐ[s
[uฑฒÛฒฑฐ[6Cฐฑฒฑฐ[5Cฐฑฑฐ    ฐฑฐ[5Cฐฐ[6Cฐ[4HฑฒÛÛฒฑฐ  [0mÛ฿฿฿฿฿฿฿฿฿฿฿฿฿฿[s
[u฿฿฿฿฿฿฿฿฿฿฿฿฿฿฿฿฿฿฿฿฿฿฿฿฿฿฿฿฿฿฿฿฿฿฿฿฿฿฿฿฿฿฿฿฿฿฿Û[5H[1;30mฒÛÛฒฑฐ   [0mÛ[s
[u [34mษอออออออออออออออออออออออออออออออออออออออออออออออออออออออออป [37mÛ
[6H[1;30mÛÛฒฑฐ    [0mÛ [34mบ [44m                     [1m๗๗๗[37m[40m[s
[u[44mTr€ron[34m๗๗๗                      บ [0mÛ[7H[1;30mÛฒฑฐ[5C[0mÛ[s
[u [34mฬอ[1;44mอออออออออออออออออออออออออออออออออออออออออออออออออออออ[40m[s
[u[44mอออน [0mÛ[8H[1;30mฒฑฐ[6C[0mÛ [34mบ [44m   [1;37mRound  [40m[s
[u[44m   Selection             Top Player           [34mบ [0mÛ[9H[s
[u[1;30mฑฐ[6Cฐ[0mÛ [34mบ [44m  [1mÞ[5CÝ   Þ[9CÝ  Þ[28CÝ บ [40m[s
[u[44m[0mÛ[10H[1;30mฐ[6Cฐฑ[0mÛ [34mบ [44m                     [40m[s
[u[44m                                   [1mบ [0mÛ[11H[6C[1;30mฐฑฒ[s
[u[0mÛ [34mบ [44m  [1mฺฤฤฤฤฤฤฤฤย[0;34m฿฿฿[1;44mย[0;34m฿฿฿[s
[u[1;44mย[0;34m฿฿฿[1;44mยฤยฤฤฤฤฤฤฤฤฟ ฺฤฤฤฤฤฤฤฤฤฤฤฤฤฤฤฤฤฟ บ [0mÛ[12H[s
[u[5C[1;30mฐฑฒÛ[0mÛ [34mบ [44m  [1mณ[1C[0;35mDealer [1;34;44m[40m[s
[u[44mณ[3Cณ[3Cณ[3Cณ ณ[8Cณ ณ[37mJackpot [9C[34mณ บ [0mÛ[13H    [s
[u[1;30mฐฑฒÛฒ[0mÛ [34mบ [44m  [1mรฤฤฤฤฤฤฤฤล[0;34mÜÜÜ[1;44mล[40m[s
[u[44m[0;34mÜÜÜ[1;44mล[0;34mÜÜÜ[1;44mลฤลฤฤฤฤฤฤฤฤด ณ[37mHiScore [40m[s
[u[44m[9C[34mณ บ [0mÛ[14H   [1;30mฐฑฒÛฒฑ[0mÛ [34mบ [44m  [1m[40m[s
[u[44mณฐฑฒÛÛฒฑฐณ[37m1st[34mณ[37m2nd[34mณ[37m3rd[34mณ ณ [37mTot[40m[s
[u[44mals [34mณ ภฤฤฤฤฤฤฤฤฤฤฤฤฤฤฤฤฤู บ [0mÛ[15H  [1;30mฐฑฒÛฒฑฐ[0mÛ [s
[u[34mบ [44m  [1mรฤฤฤฤฤฤฤฤล[0;34m฿฿฿[1;44mล[0;34m฿฿฿[1;44mล[40m[s
[u[44m[0;34m฿฿฿[1;44mลฤลฤฤฤฤฤฤฤฤด Þ[17CÝ บ [0mÛ[16H [1;30mฐฑฒÛฒฑฐ [s
[u[0mÛ [34mบ [44m  [1mณ[1C[35;40mPlayer [34;44mณ[3Cณ[3Cณ[3Cณ[40m[s
[u[44m ณ[8Cณ Þ[17CÝ บ [0mÛ[17H[1;30mฐฑฒÛฒฑฐ  [0mÛ [34mบ [44m [40m[s
[u[44m [1mภฤฤฤฤฤฤฤฤม[0;34mÜÜÜ[1;44mม[0;34mÜÜÜ[1;44mม[0;34mÜÜÜ[s
[u[1;44mมฤมฤฤฤฤฤฤฤฤู                     บ [0mÛ[18H[1;30mฑฒÛฒฑฐ   [0mÛ[s
[u [34mศอ[1;44mอออออออออออออออออออออออออออออออออออออออออออออออออออออ[40m[s
[u[44mอออผ [0mÛ[19H[1;30mฒÛฒฑฐ    [0mÛÜÜÜ[44mÜÜÜÜÜÜÜÜÜÜÜÜÜÜÜÜÜÜÜ[40m[s
[u[44mÜÜÜÜÜÜÜÜÜÜÜÜÜÜÜÜÜÜÜÜÜÜÜÜÜÜÜÜÜÜÜÜÜÜÜÜÜÜÜ[40mÛ[20H[1;30mÛฒฑฐ[6Cฐ
[21Hฒฑฐ[6Cฐฑฑฐฐ[5Cฐฐฐฐ    ฐฐฐ[5Cฐฐ[6Cฐ[22Hฑฐ[6Cฐฑฒฑฐ[5Cฐฑฑฐ    ฐฑฐ[s
[u[5Cฐฐ[6Cฐ[23H[0m
